
== environment (20:46:53)
NVIDIA T4G, 595.91.07
cmake version 3.31.6
Build cuda_13.2.r13.2/compiler.37668154_0
(synced tree has no .git; see the commit named in the sync-up log)
models/tensorrt/yolo26n_nms_512_fp16.engine
models/tensorrt/yolo26n_nms_512_fp16_c10.engine
models/tensorrt/yolo26n_nms_b4_fp16.engine
models/tensorrt/yolo26n_nms_fp16.engine

== build (full runtime) with the compiler's warnings visible (20:46:53)
-- The CXX compiler identification is GNU 13.3.0
-- The CUDA compiler identification is NVIDIA 13.2.78 with host compiler GNU 13.3.0
-- Detecting CXX compiler ABI info
-- Detecting CXX compiler ABI info - done
-- Check for working CXX compiler: /usr/bin/c++ - skipped
-- Detecting CXX compile features
-- Detecting CXX compile features - done
-- Detecting CUDA compiler ABI info
-- Detecting CUDA compiler ABI info - done
-- Check for working CUDA compiler: /usr/local/cuda/bin/nvcc - skipped
-- Detecting CUDA compile features
-- Detecting CUDA compile features - done
-- Found CUDAToolkit: /usr/local/cuda/targets/sbsa-linux/include (found version "13.2.78")
-- Performing Test CMAKE_HAVE_LIBC_PTHREAD
-- Performing Test CMAKE_HAVE_LIBC_PTHREAD - Success
-- Found Threads: TRUE
-- Found OpenCV: /usr (found version "4.6.0") found components: core imgproc imgcodecs videoio
-- Found PkgConfig: /usr/bin/pkg-config (found version "1.8.1")
-- Checking for modules 'libavformat;libavcodec;libavutil'
--   Found libavformat, version 60.16.100
--   Found libavcodec, version 60.31.102
--   Found libavutil, version 58.29.100
-- TensorRT headers: /usr/include/aarch64-linux-gnu, lib: /usr/lib/aarch64-linux-gnu/libnvinfer.so
-- Configuring done (3.0s)
-- Generating done (0.0s)
-- Build files have been written to: /workspace/edgevision/cpp/build
PASS configure
PASS build
warnings in build: 0

== CTests: letterbox, nv12, tracker, cli, report (20:47:03)
Internal ctest changing into directory: /workspace/edgevision/cpp/build
Test project /workspace/edgevision/cpp/build
    Start 1: tracker
1/5 Test #1: tracker ..........................   Passed    0.00 sec
    Start 2: cli
2/5 Test #2: cli ..............................   Passed    0.00 sec
    Start 3: report
3/5 Test #3: report ...........................   Passed    0.00 sec
    Start 4: letterbox
4/5 Test #4: letterbox ........................   Passed    0.37 sec
    Start 5: nv12
5/5 Test #5: nv12 .............................   Passed    0.48 sec

100% tests passed, 0 tests failed out of 5

Total Test time (real) =   0.85 sec
PASS ctest

== CLI: --help and argument validation (20:47:04)
PASS help
PASS bad-arg

== single stream, OpenCV decoder, still image: detections dump + report -> parity test (20:47:04)

backend=cpp_tensorrt  fps=346.4
stage              mean      p50      p95      max  n
decode              0.2      0.2      0.2      0.2  3
preprocess          0.4      0.4      0.4      0.4  3
inference           2.4      2.4      2.6      2.6  3
postprocess         0.0      0.0      0.0      0.0  3
end_to_end          2.9      2.8      3.1      3.1  3
saved: /tmp/tmp.ePgSl6z7bI/still.json
detections of first measured frame (stream 0): 5 -> /tmp/tmp.ePgSl6z7bI/dets.json
PASS still
report keys: 19 | stages: ['decode', 'preprocess', 'inference', 'postprocess', 'end_to_end']
.                                                                        [100%]
1 passed in 3.33s
PASS parity

== NVDEC, 1 stream and 3 independent streams (short) (20:47:10)
backend=cpp_tensorrt  fps=505.6
end_to_end          2.0      2.0      2.0      2.0  60
PASS nvdec-1
[TensorRT] WARNING The logger passed into createInferRuntime differs from one already registered for an existing builder, runtime, or refitter. So the current new logger is ignored, and TensorRT will use the existing one which is returned by nvinfer1::getLogger() instead.
[TensorRT] WARNING The logger passed into createInferRuntime differs from one already registered for an existing builder, runtime, or refitter. So the current new logger is ignored, and TensorRT will use the existing one which is returned by nvinfer1::getLogger() instead.
streams=3 decoder=nvdec  aggregate=356.2 fps (180 frames, 1.4s wall)
PASS nvdec-3
per_stream entries: 3 | mode: independent | decoder: nvdec

== tracking: NVDEC + ByteTrack, then OpenCV + render + JSONL dump (short) (20:47:13)
tracking: 20 unique ids on stream 0 over 70 frames
tracking            0.0      0.0      0.0      0.0  60
end_to_end          2.0      2.0      2.0      2.1  60
PASS track-nvdec
tracking: 18 unique ids on stream 0 over 35 frames -> /tmp/tmp.ePgSl6z7bI/tracks.jsonl
tracking            0.0      0.0      0.0      0.0  30
PASS track-render
{
  "tracker": "edgevision-cpp-bytetrack",
  "dump": "/tmp/tmp.ePgSl6z7bI/tracks.jsonl",
  "frames": 30,
  "unique_ids": 15,
-rw-r--r-- 1 root root 3134869 Sep 22 20:47 /tmp/tmp.ePgSl6z7bI/tracks.mp4

== batched: 4 streams on the batch-4 engine (short) (20:47:16)
batched streams=4 decoder=nvdec  aggregate=259.5 fps (40 rounds, 0.6s measured, 1.7s wall)
PASS batched

== Python suite on the box (TensorRT detector parity included) (20:47:18)
........................................................................ [ 69%]
............................s..                                          [100%]
=============================== warnings summary ===============================
tests/test_benchmark.py::test_environment_reports_the_stack
  /usr/local/lib/python3.12/dist-packages/torch/cuda/__init__.py:484: UserWarning: Found GPU0 NVIDIA T4G which is of compute capability (CC) 7.5.
  The following list shows the CCs this version of PyTorch was built for and the hardware CCs it supports:
  - 8.0 which supports hardware CC >=8.0,<9.0 except {8.7}
  - 9.0 which supports hardware CC >=9.0,<10.0
  - 10.0 which supports hardware CC >=10.0,<11.0 except {10.1}
  - 11.0 which supports hardware CC {10.1, 11.0}
  - 12.0 which supports hardware CC >=12.0,<13.0
  No published PyTorch CUDA builds for release 2.14.0+cu130 support this GPU. Visit https://pytorch.org/get-started/locally/ to find a compatible release.
    _warn_unsupported_code(d, device_cc, code_ccs)

tests/test_benchmark.py::test_environment_reports_the_stack
  /usr/local/lib/python3.12/dist-packages/torch/cuda/__init__.py:602: UserWarning: 
  NVIDIA T4G with CUDA capability sm_75 is not compatible with the current PyTorch installation.
  The current PyTorch install supports CUDA capabilities sm_80 sm_90 sm_100 sm_110 sm_120.
  If you want to use the NVIDIA T4G GPU with PyTorch, please check the instructions at https://pytorch.org/get-started/locally/
  
    queued_call()

-- Docs: https://docs.pytest.org/en/stable/how-to/capture-warnings.html
102 passed, 1 skipped, 2 warnings in 10.77s
PASS pytest

== done (20:47:31): 0 failure(s); log: benchmarks/results/gpu_check_runtime_20260922T204653Z.log
