== environment
Tesla T4, 595.91.07, 15360 MiB
== building models/tensorrt/yolo26n_nms_fp32.engine ()
[09/19/2026-14:16:25] [W] * Throughput may be bound by Enqueue Time rather than GPU Compute and the GPU may be under-utilized.
[09/19/2026-14:16:25] [W]   If not already in use, --useCudaGraph (utilize CUDA graphs where possible) may increase the throughput.
[09/19/2026-14:16:08] [I] Engine built in 68.8307 sec.
[09/19/2026-14:16:09] [I] Engine deserialized in 0.0224944 sec.
[09/19/2026-14:16:25] [I] Throughput: 247.977 qps
[09/19/2026-14:16:25] [I] Latency: min = 3.91064 ms, max = 4.0791 ms, mean = 4.00347 ms, median = 4.01074 ms, percentile(90%) = 4.03809 ms, percentile(95%) = 4.04395 ms, percentile(99%) = 4.05762 ms
[09/19/2026-14:16:25] [I] Enqueue Time: min = 3.90039 ms, max = 4.05859 ms, mean = 3.99161 ms, median = 3.99951 ms, percentile(90%) = 4.02637 ms, percentile(95%) = 4.03125 ms, percentile(99%) = 4.04492 ms
[09/19/2026-14:16:25] [I] H2D Latency: min = 0.791992 ms, max = 0.826172 ms, mean = 0.793492 ms, median = 0.792969 ms, percentile(90%) = 0.794922 ms, percentile(95%) = 0.795898 ms, percentile(99%) = 0.803711 ms
[09/19/2026-14:16:25] [I] GPU Compute Time: min = 3.11255 ms, max = 3.27588 ms, mean = 3.20415 ms, median = 3.21191 ms, percentile(90%) = 3.23828 ms, percentile(95%) = 3.24414 ms, percentile(99%) = 3.25781 ms
[09/19/2026-14:16:25] [I] D2H Latency: min = 0.00390625 ms, max = 0.0371094 ms, mean = 0.00582958 ms, median = 0.00537109 ms, percentile(90%) = 0.00585938 ms, percentile(95%) = 0.00610352 ms, percentile(99%) = 0.0234375 ms
== building models/tensorrt/yolo26n_nms_fp16.engine (--fp16)
[09/19/2026-14:16:43] [W] Weakly-typed networks have been deprecated in TensorRT. You can use the AutoCast tool (https://nvidia.github.io/TensorRT-Model-Optimizer/guides/8_autocast.html) to convert the network to be strongly typed.
[09/19/2026-14:21:00] [W] * Throughput may be bound by Enqueue Time rather than GPU Compute and the GPU may be under-utilized.
[09/19/2026-14:21:00] [W]   If not already in use, --useCudaGraph (utilize CUDA graphs where possible) may increase the throughput.
[09/19/2026-14:20:43] [I] Engine built in 240.06 sec.
[09/19/2026-14:20:44] [I] Engine deserialized in 0.0354366 sec.
[09/19/2026-14:21:00] [I] Throughput: 408.6 qps
[09/19/2026-14:21:00] [I] Latency: min = 2.39258 ms, max = 2.58203 ms, mean = 2.40806 ms, median = 2.40625 ms, percentile(90%) = 2.41919 ms, percentile(95%) = 2.42383 ms, percentile(99%) = 2.43164 ms
[09/19/2026-14:21:00] [I] Enqueue Time: min = 2.33691 ms, max = 2.56738 ms, mean = 2.39287 ms, median = 2.39258 ms, percentile(90%) = 2.40308 ms, percentile(95%) = 2.4082 ms, percentile(99%) = 2.41504 ms
[09/19/2026-14:21:00] [I] H2D Latency: min = 0.791992 ms, max = 0.815918 ms, mean = 0.793537 ms, median = 0.792969 ms, percentile(90%) = 0.794922 ms, percentile(95%) = 0.795898 ms, percentile(99%) = 0.802734 ms
[09/19/2026-14:21:00] [I] GPU Compute Time: min = 1.59436 ms, max = 1.7832 ms, mean = 1.60771 ms, median = 1.60645 ms, percentile(90%) = 1.61719 ms, percentile(95%) = 1.62305 ms, percentile(99%) = 1.62891 ms
[09/19/2026-14:21:00] [I] D2H Latency: min = 0.00390625 ms, max = 0.0512695 ms, mean = 0.00680383 ms, median = 0.00646973 ms, percentile(90%) = 0.00708008 ms, percentile(95%) = 0.0078125 ms, percentile(99%) = 0.0205078 ms
total 18856
drwxrwxr-x 2 ubuntu ubuntu     4096 Sep 19 14:16 .
drwxrwxr-x 5 ubuntu ubuntu     4096 Sep 19 14:02 ..
-rw-r--r-- 1 ubuntu ubuntu        0 Sep 18 15:42 .gitkeep
-rw-r--r-- 1 ubuntu ubuntu     1331 Sep 18 19:53 yolo26n.names.json
-rw-r--r-- 1 ubuntu ubuntu     1331 Sep 18 19:53 yolo26n_fp16.names.json
-rw-r--r-- 1 ubuntu ubuntu     1331 Sep 18 19:53 yolo26n_fp32.names.json
-rw-r--r-- 1 ubuntu ubuntu     1331 Sep 19 14:14 yolo26n_nms.names.json
-rw-r--r-- 1 root   root    7181844 Sep 19 14:20 yolo26n_nms_fp16.engine
-rw-r--r-- 1 ubuntu ubuntu     1331 Sep 19 14:21 yolo26n_nms_fp16.names.json
-rw-r--r-- 1 root   root   12087340 Sep 19 14:16 yolo26n_nms_fp32.engine
-rw-r--r-- 1 ubuntu ubuntu     1331 Sep 19 14:16 yolo26n_nms_fp32.names.json
== build
[1/13] Building CXX object CMakeFiles/edgevision_core.dir/src/video_decoder.cpp.o
[2/13] Building CXX object CMakeFiles/edgevision_core.dir/src/names.cpp.o
[3/13] Building CXX object CMakeFiles/edgevision_core.dir/src/trt_engine.cpp.o
[4/13] Building CXX object CMakeFiles/edgevision_core.dir/src/metrics.cpp.o
[5/13] Building CXX object CMakeFiles/edgevision_core.dir/src/detector.cpp.o
[6/13] Building CXX object CMakeFiles/test_letterbox.dir/tests/test_letterbox.cpp.o
[7/13] Building CUDA object CMakeFiles/edgevision_core.dir/src/letterbox.cu.o
[8/13] Linking CXX static library libedgevision_core.a
[9/13] Building CXX object CMakeFiles/test_nv12.dir/tests/test_nv12.cpp.o
[10/13] Linking CXX executable test_letterbox
[11/13] Linking CXX executable test_nv12
[12/13] Building CXX object CMakeFiles/edgevision_trt.dir/src/main.cpp.o
[13/13] Linking CXX executable edgevision_trt
Test project /workspace/edgevision/cpp/build
    Start 1: letterbox
1/2 Test #1: letterbox ........................   Passed   10.52 sec
    Start 2: nv12
2/2 Test #2: nv12 .............................   Passed    0.61 sec

100% tests passed, 0 tests failed out of 2

Total Test time (real) =  11.14 sec
== file source, N independent streams (unpaced: as fast as decode+inference allow)
--- streams=1
end_to_end          2.0      2.0      2.0      2.4  300
saved: benchmarks/results/cpp_tensorrt_nvdec_h264_file_20260919T142233Z.json
    nvidia-smi: gpu util mean 1% max 78%, decoder util mean 8% max 38%, mem max 336 MiB (10 samples)
--- streams=2
[TensorRT] WARNING The logger passed into createInferRuntime differs from one already registered for an existing builder, runtime, or refitter. So the current new logger is ignored, and TensorRT will use the existing one which is returned by nvinfer1::getLogger() instead.
streams=2 decoder=nvdec  aggregate=480.1 fps (600 frames, 2.1s wall)
  stream 0: 240.0 fps sustained, e2e mean 3.15 ms, decode mean 0.50 ms
  stream 1: 240.1 fps sustained, e2e mean 3.11 ms, decode mean 0.54 ms
end_to_end          3.1      3.2      3.5      3.8  600
saved: benchmarks/results/cpp_tensorrt_nvdec_s2_h264_file_20260919T142236Z.json
    nvidia-smi: gpu util mean 26% max 94%, decoder util mean 12% max 45%, mem max 514 MiB (5 samples)
--- streams=4
[TensorRT] WARNING The logger passed into createInferRuntime differs from one already registered for an existing builder, runtime, or refitter. So the current new logger is ignored, and TensorRT will use the existing one which is returned by nvinfer1::getLogger() instead.
[TensorRT] WARNING The logger passed into createInferRuntime differs from one already registered for an existing builder, runtime, or refitter. So the current new logger is ignored, and TensorRT will use the existing one which is returned by nvinfer1::getLogger() instead.
[TensorRT] WARNING The logger passed into createInferRuntime differs from one already registered for an existing builder, runtime, or refitter. So the current new logger is ignored, and TensorRT will use the existing one which is returned by nvinfer1::getLogger() instead.
streams=4 decoder=nvdec  aggregate=547.0 fps (1200 frames, 3.4s wall)
  stream 0: 135.0 fps sustained, e2e mean 5.87 ms, decode mean 0.62 ms
  stream 1: 134.4 fps sustained, e2e mean 5.82 ms, decode mean 0.66 ms
  stream 2: 134.6 fps sustained, e2e mean 5.82 ms, decode mean 0.66 ms
  stream 3: 143.0 fps sustained, e2e mean 5.71 ms, decode mean 0.66 ms
end_to_end          5.8      5.8      6.8      7.8  1200
saved: benchmarks/results/cpp_tensorrt_nvdec_s4_h264_file_20260919T142240Z.json
    nvidia-smi: gpu util mean 78% max 99%, decoder util mean 42% max 57%, mem max 876 MiB (8 samples)
--- streams=6
[TensorRT] WARNING The logger passed into createInferRuntime differs from one already registered for an existing builder, runtime, or refitter. So the current new logger is ignored, and TensorRT will use the existing one which is returned by nvinfer1::getLogger() instead.
[TensorRT] WARNING The logger passed into createInferRuntime differs from one already registered for an existing builder, runtime, or refitter. So the current new logger is ignored, and TensorRT will use the existing one which is returned by nvinfer1::getLogger() instead.
[TensorRT] WARNING The logger passed into createInferRuntime differs from one already registered for an existing builder, runtime, or refitter. So the current new logger is ignored, and TensorRT will use the existing one which is returned by nvinfer1::getLogger() instead.
[TensorRT] WARNING The logger passed into createInferRuntime differs from one already registered for an existing builder, runtime, or refitter. So the current new logger is ignored, and TensorRT will use the existing one which is returned by nvinfer1::getLogger() instead.
[TensorRT] WARNING The logger passed into createInferRuntime differs from one already registered for an existing builder, runtime, or refitter. So the current new logger is ignored, and TensorRT will use the existing one which is returned by nvinfer1::getLogger() instead.
streams=6 decoder=nvdec  aggregate=538.6 fps (1800 frames, 5.1s wall)
  stream 0: 91.4 fps sustained, e2e mean 9.21 ms, decode mean 0.69 ms
  stream 1: 88.2 fps sustained, e2e mean 9.15 ms, decode mean 0.74 ms
  stream 2: 87.9 fps sustained, e2e mean 9.18 ms, decode mean 0.72 ms
  stream 3: 95.3 fps sustained, e2e mean 9.15 ms, decode mean 0.67 ms
  stream 4: 87.9 fps sustained, e2e mean 9.18 ms, decode mean 0.74 ms
  stream 5: 87.9 fps sustained, e2e mean 9.21 ms, decode mean 0.71 ms
end_to_end          9.2      9.1     11.5     14.8  1800
saved: benchmarks/results/cpp_tensorrt_nvdec_s6_h264_file_20260919T142245Z.json
    nvidia-smi: gpu util mean 69% max 98%, decoder util mean 38% max 57%, mem max 1269 MiB (11 samples)
--- streams=8
[TensorRT] WARNING The logger passed into createInferRuntime differs from one already registered for an existing builder, runtime, or refitter. So the current new logger is ignored, and TensorRT will use the existing one which is returned by nvinfer1::getLogger() instead.
[TensorRT] WARNING The logger passed into createInferRuntime differs from one already registered for an existing builder, runtime, or refitter. So the current new logger is ignored, and TensorRT will use the existing one which is returned by nvinfer1::getLogger() instead.
[TensorRT] WARNING The logger passed into createInferRuntime differs from one already registered for an existing builder, runtime, or refitter. So the current new logger is ignored, and TensorRT will use the existing one which is returned by nvinfer1::getLogger() instead.
[TensorRT] WARNING The logger passed into createInferRuntime differs from one already registered for an existing builder, runtime, or refitter. So the current new logger is ignored, and TensorRT will use the existing one which is returned by nvinfer1::getLogger() instead.
[TensorRT] WARNING The logger passed into createInferRuntime differs from one already registered for an existing builder, runtime, or refitter. So the current new logger is ignored, and TensorRT will use the existing one which is returned by nvinfer1::getLogger() instead.
[TensorRT] WARNING The logger passed into createInferRuntime differs from one already registered for an existing builder, runtime, or refitter. So the current new logger is ignored, and TensorRT will use the existing one which is returned by nvinfer1::getLogger() instead.
[TensorRT] WARNING The logger passed into createInferRuntime differs from one already registered for an existing builder, runtime, or refitter. So the current new logger is ignored, and TensorRT will use the existing one which is returned by nvinfer1::getLogger() instead.
streams=8 decoder=nvdec  aggregate=538.4 fps (2400 frames, 6.7s wall)
  stream 0: 66.4 fps sustained, e2e mean 12.48 ms, decode mean 0.75 ms
  stream 1: 66.3 fps sustained, e2e mean 12.41 ms, decode mean 0.76 ms
  stream 2: 67.5 fps sustained, e2e mean 12.55 ms, decode mean 0.74 ms
  stream 3: 65.9 fps sustained, e2e mean 12.60 ms, decode mean 0.72 ms
  stream 4: 72.8 fps sustained, e2e mean 12.38 ms, decode mean 0.75 ms
  stream 5: 65.7 fps sustained, e2e mean 12.64 ms, decode mean 0.76 ms
  stream 6: 67.7 fps sustained, e2e mean 12.49 ms, decode mean 0.78 ms
  stream 7: 66.2 fps sustained, e2e mean 12.56 ms, decode mean 0.68 ms
end_to_end         12.5     12.5     16.3     21.2  2400
saved: benchmarks/results/cpp_tensorrt_nvdec_s8_h264_file_20260919T142252Z.json
    nvidia-smi: gpu util mean 84% max 98%, decoder util mean 47% max 57%, mem max 1629 MiB (14 samples)
--- streams=12
[TensorRT] WARNING The logger passed into createInferRuntime differs from one already registered for an existing builder, runtime, or refitter. So the current new logger is ignored, and TensorRT will use the existing one which is returned by nvinfer1::getLogger() instead.
[TensorRT] WARNING The logger passed into createInferRuntime differs from one already registered for an existing builder, runtime, or refitter. So the current new logger is ignored, and TensorRT will use the existing one which is returned by nvinfer1::getLogger() instead.
[TensorRT] WARNING The logger passed into createInferRuntime differs from one already registered for an existing builder, runtime, or refitter. So the current new logger is ignored, and TensorRT will use the existing one which is returned by nvinfer1::getLogger() instead.
[TensorRT] WARNING The logger passed into createInferRuntime differs from one already registered for an existing builder, runtime, or refitter. So the current new logger is ignored, and TensorRT will use the existing one which is returned by nvinfer1::getLogger() instead.
[TensorRT] WARNING The logger passed into createInferRuntime differs from one already registered for an existing builder, runtime, or refitter. So the current new logger is ignored, and TensorRT will use the existing one which is returned by nvinfer1::getLogger() instead.
[TensorRT] WARNING The logger passed into createInferRuntime differs from one already registered for an existing builder, runtime, or refitter. So the current new logger is ignored, and TensorRT will use the existing one which is returned by nvinfer1::getLogger() instead.
[TensorRT] WARNING The logger passed into createInferRuntime differs from one already registered for an existing builder, runtime, or refitter. So the current new logger is ignored, and TensorRT will use the existing one which is returned by nvinfer1::getLogger() instead.
[TensorRT] WARNING The logger passed into createInferRuntime differs from one already registered for an existing builder, runtime, or refitter. So the current new logger is ignored, and TensorRT will use the existing one which is returned by nvinfer1::getLogger() instead.
[TensorRT] WARNING The logger passed into createInferRuntime differs from one already registered for an existing builder, runtime, or refitter. So the current new logger is ignored, and TensorRT will use the existing one which is returned by nvinfer1::getLogger() instead.
[TensorRT] WARNING The logger passed into createInferRuntime differs from one already registered for an existing builder, runtime, or refitter. So the current new logger is ignored, and TensorRT will use the existing one which is returned by nvinfer1::getLogger() instead.
[TensorRT] WARNING The logger passed into createInferRuntime differs from one already registered for an existing builder, runtime, or refitter. So the current new logger is ignored, and TensorRT will use the existing one which is returned by nvinfer1::getLogger() instead.
streams=12 decoder=nvdec  aggregate=542.0 fps (3600 frames, 10.2s wall)
  stream 0: 43.8 fps sustained, e2e mean 19.53 ms, decode mean 0.73 ms
  stream 1: 44.5 fps sustained, e2e mean 19.00 ms, decode mean 0.78 ms
  stream 2: 43.9 fps sustained, e2e mean 19.27 ms, decode mean 0.79 ms
  stream 3: 45.9 fps sustained, e2e mean 19.27 ms, decode mean 0.79 ms
  stream 4: 47.9 fps sustained, e2e mean 19.15 ms, decode mean 0.76 ms
  stream 5: 46.4 fps sustained, e2e mean 19.13 ms, decode mean 0.73 ms
  stream 6: 43.4 fps sustained, e2e mean 19.49 ms, decode mean 0.77 ms
  stream 7: 45.2 fps sustained, e2e mean 19.50 ms, decode mean 0.76 ms
  stream 8: 45.9 fps sustained, e2e mean 19.31 ms, decode mean 0.76 ms
  stream 9: 43.2 fps sustained, e2e mean 19.54 ms, decode mean 0.74 ms
  stream 10: 47.9 fps sustained, e2e mean 19.24 ms, decode mean 0.74 ms
  stream 11: 43.9 fps sustained, e2e mean 19.37 ms, decode mean 0.75 ms
end_to_end         19.3     19.2     27.0     38.2  3600
saved: benchmarks/results/cpp_tensorrt_nvdec_s12_h264_file_20260919T142303Z.json
    nvidia-smi: gpu util mean 90% max 97%, decoder util mean 49% max 56%, mem max 2384 MiB (21 samples)
== stage breakdown at 4 streams (with per-stage syncs)
[TensorRT] WARNING The logger passed into createInferRuntime differs from one already registered for an existing builder, runtime, or refitter. So the current new logger is ignored, and TensorRT will use the existing one which is returned by nvinfer1::getLogger() instead.
[TensorRT] WARNING The logger passed into createInferRuntime differs from one already registered for an existing builder, runtime, or refitter. So the current new logger is ignored, and TensorRT will use the existing one which is returned by nvinfer1::getLogger() instead.
[TensorRT] WARNING The logger passed into createInferRuntime differs from one already registered for an existing builder, runtime, or refitter. So the current new logger is ignored, and TensorRT will use the existing one which is returned by nvinfer1::getLogger() instead.
streams=4 decoder=nvdec  aggregate=533.6 fps (1200 frames, 3.5s wall)
  stream 0: 133.1 fps sustained, e2e mean 5.91 ms, decode mean 0.67 ms
  stream 1: 132.3 fps sustained, e2e mean 5.90 ms, decode mean 0.67 ms
  stream 2: 132.0 fps sustained, e2e mean 5.88 ms, decode mean 0.69 ms
  stream 3: 136.2 fps sustained, e2e mean 5.86 ms, decode mean 0.67 ms
decode              0.7      0.2      2.7      4.9  1200
preprocess          0.2      0.1      0.5      1.1  1200
inference           5.7      5.8      6.7      7.6  1200
postprocess         0.0      0.0      0.0      0.2  1200
end_to_end          5.9      6.0      7.0      8.1  1200
saved: benchmarks/results/cpp_tensorrt_nvdec_s4_h264_file_stages_20260919T142307Z.json
== live RTSP cameras (paced at 25 fps by the simulator)
RTSP simulator not reachable at rtsp://127.0.0.1:8554/cam (start scripts/rtsp_sim.sh on the host); skipping
== tests
..............................s                                          [100%]
30 passed, 1 skipped in 40.37s
== done: benchmarks/results/gpu_sprint6_20260919T141451Z.log
