== environment
Tesla T4, 595.91.07
tensorrt 10.16.1.11 | ort 1.30.0
clip videos/pedestrian_area_1080p25.webm 1920 x 1080 15125 frames
== engine for the NMS graph
== building models/tensorrt/yolo26n_nms_fp32.engine ()
[09/18/2026-20:58:38] [W] * Throughput may be bound by Enqueue Time rather than GPU Compute and the GPU may be under-utilized.
[09/18/2026-20:58:38] [W]   If not already in use, --useCudaGraph (utilize CUDA graphs where possible) may increase the throughput.
[09/18/2026-20:58:22] [I] Engine built in 66.3051 sec.
[09/18/2026-20:58:22] [I] Engine deserialized in 0.019285 sec.
[09/18/2026-20:58:38] [I] Throughput: 248.379 qps
[09/18/2026-20:58:38] [I] Latency: min = 3.94336 ms, max = 4.1377 ms, mean = 3.99671 ms, median = 3.99951 ms, percentile(90%) = 4.01904 ms, percentile(95%) = 4.02539 ms, percentile(99%) = 4.03516 ms
[09/18/2026-20:58:38] [I] Enqueue Time: min = 3.91943 ms, max = 4.125 ms, mean = 3.98482 ms, median = 3.98779 ms, percentile(90%) = 4.00708 ms, percentile(95%) = 4.01392 ms, percentile(99%) = 4.02271 ms
[09/18/2026-20:58:38] [I] H2D Latency: min = 0.791992 ms, max = 0.810547 ms, mean = 0.793892 ms, median = 0.793945 ms, percentile(90%) = 0.794922 ms, percentile(95%) = 0.794922 ms, percentile(99%) = 0.795898 ms
[09/18/2026-20:58:38] [I] GPU Compute Time: min = 3.14502 ms, max = 3.33691 ms, mean = 3.19754 ms, median = 3.20068 ms, percentile(90%) = 3.21973 ms, percentile(95%) = 3.22607 ms, percentile(99%) = 3.2356 ms
[09/18/2026-20:58:38] [I] D2H Latency: min = 0.00390625 ms, max = 0.0224609 ms, mean = 0.00526926 ms, median = 0.00512695 ms, percentile(90%) = 0.00585938 ms, percentile(95%) = 0.00585938 ms, percentile(99%) = 0.00683594 ms
== building models/tensorrt/yolo26n_nms_fp16.engine (--fp16)
[09/18/2026-20:58:55] [W] Weakly-typed networks have been deprecated in TensorRT. You can use the AutoCast tool (https://nvidia.github.io/TensorRT-Model-Optimizer/guides/8_autocast.html) to convert the network to be strongly typed.
[09/18/2026-21:03:01] [W] * Throughput may be bound by Enqueue Time rather than GPU Compute and the GPU may be under-utilized.
[09/18/2026-21:03:01] [W]   If not already in use, --useCudaGraph (utilize CUDA graphs where possible) may increase the throughput.
[09/18/2026-21:02:45] [I] Engine built in 229.779 sec.
[09/18/2026-21:02:45] [I] Engine deserialized in 0.0337604 sec.
[09/18/2026-21:03:01] [I] Throughput: 410.049 qps
[09/18/2026-21:03:01] [I] Latency: min = 2.39111 ms, max = 2.43945 ms, mean = 2.40687 ms, median = 2.40552 ms, percentile(90%) = 2.41699 ms, percentile(95%) = 2.42163 ms, percentile(99%) = 2.42871 ms
[09/18/2026-21:03:01] [I] Enqueue Time: min = 2.37109 ms, max = 2.43311 ms, mean = 2.39787 ms, median = 2.39685 ms, percentile(90%) = 2.40723 ms, percentile(95%) = 2.41284 ms, percentile(99%) = 2.41943 ms
[09/18/2026-21:03:01] [I] H2D Latency: min = 0.791016 ms, max = 0.811035 ms, mean = 0.792534 ms, median = 0.792236 ms, percentile(90%) = 0.793579 ms, percentile(95%) = 0.793945 ms, percentile(99%) = 0.794678 ms
[09/18/2026-21:03:01] [I] GPU Compute Time: min = 1.59424 ms, max = 1.64111 ms, mean = 1.60908 ms, median = 1.60791 ms, percentile(90%) = 1.61865 ms, percentile(95%) = 1.62378 ms, percentile(99%) = 1.62988 ms
[09/18/2026-21:03:01] [I] D2H Latency: min = 0.00390625 ms, max = 0.0263672 ms, mean = 0.00526167 ms, median = 0.00488281 ms, percentile(90%) = 0.00585938 ms, percentile(95%) = 0.00585938 ms, percentile(99%) = 0.00976562 ms
total 18736
drwxrwxr-x 2 ubuntu ubuntu     4096 Sep 18 21:03 .
drwxrwxr-x 5 ubuntu ubuntu     4096 Sep 18 20:16 ..
-rw-r--r-- 1 ubuntu ubuntu        0 Sep 18 15:42 .gitkeep
-rw-r--r-- 1 ubuntu ubuntu     1331 Sep 18 19:53 yolo26n.names.json
-rw-r--r-- 1 ubuntu ubuntu     1331 Sep 18 19:53 yolo26n_fp16.names.json
-rw-r--r-- 1 ubuntu ubuntu     1331 Sep 18 19:53 yolo26n_fp32.names.json
-rw-r--r-- 1 root   root       1331 Sep 18 20:57 yolo26n_nms.names.json
-rw-r--r-- 1 root   root    7142356 Sep 18 21:02 yolo26n_nms_fp16.engine
-rw-r--r-- 1 root   root       1331 Sep 18 21:03 yolo26n_nms_fp16.names.json
-rw-r--r-- 1 root   root   12007940 Sep 18 20:58 yolo26n_nms_fp32.engine
-rw-r--r-- 1 root   root       1331 Sep 18 20:58 yolo26n_nms_fp32.names.json
== building models/tensorrt/yolo26n_fp32.engine ()
[09/18/2026-21:04:40] [I] Engine built in 79.2257 sec.
[09/18/2026-21:04:40] [I] Engine deserialized in 0.0211792 sec.
[09/18/2026-21:04:56] [I] Throughput: 303.041 qps
[09/18/2026-21:04:56] [I] Latency: min = 4.45605 ms, max = 4.60352 ms, mean = 4.53651 ms, median = 4.53613 ms, percentile(90%) = 4.56738 ms, percentile(95%) = 4.57129 ms, percentile(99%) = 4.58789 ms
[09/18/2026-21:04:56] [I] Enqueue Time: min = 1.18652 ms, max = 1.62817 ms, mean = 1.26125 ms, median = 1.2583 ms, percentile(90%) = 1.30518 ms, percentile(95%) = 1.31836 ms, percentile(99%) = 1.34863 ms
[09/18/2026-21:04:56] [I] H2D Latency: min = 0.802734 ms, max = 0.839478 ms, mean = 0.805819 ms, median = 0.804688 ms, percentile(90%) = 0.806641 ms, percentile(95%) = 0.819824 ms, percentile(99%) = 0.824097 ms
[09/18/2026-21:04:56] [I] GPU Compute Time: min = 3.21387 ms, max = 3.3623 ms, mean = 3.29721 ms, median = 3.29688 ms, percentile(90%) = 3.32812 ms, percentile(95%) = 3.33105 ms, percentile(99%) = 3.3457 ms
[09/18/2026-21:04:56] [I] D2H Latency: min = 0.430664 ms, max = 0.445312 ms, mean = 0.433495 ms, median = 0.433594 ms, percentile(90%) = 0.43457 ms, percentile(95%) = 0.435303 ms, percentile(99%) = 0.436035 ms
== building models/tensorrt/yolo26n_fp16.engine (--fp16)
[09/18/2026-21:05:13] [W] Weakly-typed networks have been deprecated in TensorRT. You can use the AutoCast tool (https://nvidia.github.io/TensorRT-Model-Optimizer/guides/8_autocast.html) to convert the network to be strongly typed.
[09/18/2026-21:09:50] [I] Engine built in 277.084 sec.
[09/18/2026-21:09:51] [I] Engine deserialized in 0.0371457 sec.
[09/18/2026-21:10:07] [I] Throughput: 601.19 qps
[09/18/2026-21:10:07] [I] Latency: min = 2.83008 ms, max = 2.97314 ms, mean = 2.92589 ms, median = 2.92529 ms, percentile(90%) = 2.94336 ms, percentile(95%) = 2.94824 ms, percentile(99%) = 2.95703 ms
[09/18/2026-21:10:07] [I] Enqueue Time: min = 1.17981 ms, max = 1.69727 ms, mean = 1.24579 ms, median = 1.24316 ms, percentile(90%) = 1.28711 ms, percentile(95%) = 1.30469 ms, percentile(99%) = 1.33496 ms
[09/18/2026-21:10:07] [I] H2D Latency: min = 0.824219 ms, max = 0.85144 ms, mean = 0.827431 ms, median = 0.827148 ms, percentile(90%) = 0.828491 ms, percentile(95%) = 0.829102 ms, percentile(99%) = 0.830078 ms
[09/18/2026-21:10:07] [I] GPU Compute Time: min = 1.57324 ms, max = 1.70996 ms, mean = 1.66131 ms, median = 1.66101 ms, percentile(90%) = 1.67871 ms, percentile(95%) = 1.68359 ms, percentile(99%) = 1.69189 ms
[09/18/2026-21:10:07] [I] D2H Latency: min = 0.429688 ms, max = 0.444336 ms, mean = 0.437167 ms, median = 0.4375 ms, percentile(90%) = 0.438477 ms, percentile(95%) = 0.438843 ms, percentile(99%) = 0.439453 ms
total 37460
drwxrwxr-x 2 ubuntu ubuntu     4096 Sep 18 21:05 .
drwxrwxr-x 5 ubuntu ubuntu     4096 Sep 18 20:16 ..
-rw-r--r-- 1 ubuntu ubuntu        0 Sep 18 15:42 .gitkeep
-rw-r--r-- 1 ubuntu ubuntu     1331 Sep 18 21:03 yolo26n.names.json
-rw-r--r-- 1 root   root    7101868 Sep 18 21:09 yolo26n_fp16.engine
-rw-r--r-- 1 ubuntu ubuntu     1331 Sep 18 21:10 yolo26n_fp16.names.json
-rw-r--r-- 1 root   root   12068332 Sep 18 21:04 yolo26n_fp32.engine
-rw-r--r-- 1 ubuntu ubuntu     1331 Sep 18 21:05 yolo26n_fp32.names.json
-rw-r--r-- 1 root   root       1331 Sep 18 20:57 yolo26n_nms.names.json
-rw-r--r-- 1 root   root    7142356 Sep 18 21:02 yolo26n_nms_fp16.engine
-rw-r--r-- 1 root   root       1331 Sep 18 21:03 yolo26n_nms_fp16.names.json
-rw-r--r-- 1 root   root   12007940 Sep 18 20:58 yolo26n_nms_fp32.engine
-rw-r--r-- 1 root   root       1331 Sep 18 20:58 yolo26n_nms_fp32.names.json
== benchmarks on videos/pedestrian_area_1080p25.webm
WARNING ⚠️ user config directory '/root/.config/Ultralytics' is not writable, using '/tmp/Ultralytics'. Set YOLO_CONFIG_DIR to override.
Creating new Ultralytics Settings v0.0.8 file ✅ 
View Ultralytics Settings with 'yolo settings' or at '/tmp/Ultralytics/settings.json'
Update Settings with 'yolo settings key=value', i.e. 'yolo settings runs_dir=path/to/dir'. For help see https://docs.ultralytics.com/usage/settings.

backend=onnx  fps=69.3
stage              mean      p50      p95      max  n
decode              4.5      2.3      4.8     88.9  300
preprocess          6.0      5.5      9.6     10.8  300
inference           6.3      6.1      7.0      7.5  300
postprocess         2.2      2.1      2.4      3.2  300
end_to_end         14.4     14.4     18.2     20.3  300

saved: benchmarks/results/onnx_cuda_raw_20260918T211036Z.json
[0;93m2026-09-18 21:10:39.170090298 [W:onnxruntime:Default, scatter_nd.h:50 ScatterNDWithAtomicReduction] ScatterND with reduction=='none' only guarantees to be correct if indices are not duplicated.[m

backend=onnx  fps=83.1
stage              mean      p50      p95      max  n
decode              2.2      2.2      3.2      4.8  300
preprocess          5.7      5.9      8.8      9.5  300
inference           6.1      6.0      6.4      7.1  300
postprocess         0.2      0.2      0.2      0.3  300
end_to_end         12.0     12.2     15.1     16.1  300

saved: benchmarks/results/onnx_cuda_nmsgraph_20260918T211044Z.json

backend=tensorrt  fps=105.7
stage              mean      p50      p95      max  n
decode              2.0      1.9      3.1      4.3  300
preprocess          3.1      2.7      4.3      4.6  300
inference           4.2      4.0      5.1      5.4  300
postprocess         2.1      2.0      2.6      3.2  300
end_to_end          9.5      8.8     11.8     12.5  300

saved: benchmarks/results/tensorrt_fp16_raw_20260918T211051Z.json

backend=tensorrt  fps=130.9
stage              mean      p50      p95      max  n
decode              2.0      1.8      3.1      4.0  300
preprocess          3.2      2.7      4.2      4.4  300
inference           4.2      3.8      5.1      5.6  300
postprocess         0.2      0.2      0.3      0.3  300
end_to_end          7.6      6.8      9.6     10.3  300

saved: benchmarks/results/tensorrt_fp16_nmsgraph_20260918T211057Z.json
[KDownloading https://github.com/ultralytics/assets/releases/download/v8.4.0/yolo26n.pt to 'models/pytorch/yolo26n.pt': 100% ━━━━━━━━━━━━ 5.3MB 89.1MB/s 0.1s

backend=pytorch  fps=81.0
stage              mean      p50      p95      max  n
decode              1.7      1.7      2.1      3.0  300
inference          11.8     11.3     14.3     15.9  300
end_to_end         12.4     11.9     15.0     16.5  300

saved: benchmarks/results/pytorch_cuda_20260918T211106Z.json
== tests
...............................                                          [100%]
31 passed in 6.58s
== done: benchmarks/results/gpu_nms_compare_20260918T205706Z.log
