&&&& RUNNING TensorRT.trtexec [TensorRT v101601] [b11] # trtexec --onnx=models/onnx/yolo26n_nms.onnx --saveEngine=models/tensorrt/yolo26n_nms_fp32.engine --warmUp=1000 --duration=15 --avgRuns=100 --exportTimes=benchmarks/results/trtexec_fp32_Tesla_T4_20260919T141452Z_times.json --exportProfile=benchmarks/results/trtexec_fp32_Tesla_T4_20260919T141452Z_profile.json --separateProfileRun
[09/19/2026-14:14:56] [I] === Model Options ===
[09/19/2026-14:14:56] [I] Format: ONNX
[09/19/2026-14:14:56] [I] Model: models/onnx/yolo26n_nms.onnx
[09/19/2026-14:14:56] [I] Output:
[09/19/2026-14:14:56] [I] === Build Options ===
[09/19/2026-14:14:56] [I] Memory Pools: workspace: default, dlaSRAM: default, dlaLocalDRAM: default, dlaGlobalDRAM: default, tacticSharedMem: default
[09/19/2026-14:14:56] [I] avgTiming: 8
[09/19/2026-14:14:56] [I] Precision: FP32
[09/19/2026-14:14:56] [I] LayerPrecisions: 
[09/19/2026-14:14:56] [I] Layer Device Types: 
[09/19/2026-14:14:56] [I] Decomposable Attentions: 
[09/19/2026-14:14:56] [I] Calibration: 
[09/19/2026-14:14:56] [I] Refit: Disabled
[09/19/2026-14:14:56] [I] Strip weights: Disabled
[09/19/2026-14:14:56] [I] Version Compatible: Disabled
[09/19/2026-14:14:56] [I] ONNX Plugin InstanceNorm: Disabled
[09/19/2026-14:14:56] [I] ONNX kENABLE_UINT8_AND_ASYMMETRIC_QUANTIZATION_DLA flag: Disabled
[09/19/2026-14:14:56] [I] ONNX kREPORT_CAPABILITY_DLA flag: Disabled
[09/19/2026-14:14:56] [I] ONNX kADJUST_FOR_DLA flag: Disabled
[09/19/2026-14:14:56] [I] ONNX kENABLE_PLUGIN_OVERRIDE flag: Disabled
[09/19/2026-14:14:56] [I] TensorRT runtime: full
[09/19/2026-14:14:56] [I] Lean DLL Path: 
[09/19/2026-14:14:56] [I] Tempfile Controls: { in_memory: allow, temporary: allow }
[09/19/2026-14:14:56] [I] Exclude Lean Runtime: Disabled
[09/19/2026-14:14:56] [I] Sparsity: Disabled
[09/19/2026-14:14:56] [I] Safe mode: Disabled
[09/19/2026-14:14:56] [I] Build DLA standalone loadable: Disabled
[09/19/2026-14:14:56] [I] Allow GPU fallback for DLA: Disabled
[09/19/2026-14:14:56] [I] DirectIO mode: Disabled
[09/19/2026-14:14:56] [I] Restricted mode: Disabled
[09/19/2026-14:14:56] [I] Skip inference: Disabled
[09/19/2026-14:14:56] [I] Save engine: models/tensorrt/yolo26n_nms_fp32.engine
[09/19/2026-14:14:56] [I] Load engine: 
[09/19/2026-14:14:56] [I] Profiling verbosity: 0
[09/19/2026-14:14:56] [I] Tactic sources: Using default tactic sources
[09/19/2026-14:14:56] [I] timingCacheMode: local
[09/19/2026-14:14:56] [I] timingCacheFile: 
[09/19/2026-14:14:56] [I] Enable Compilation Cache: Enabled
[09/19/2026-14:14:56] [I] Enable Monitor Memory: Disabled
[09/19/2026-14:14:56] [I] CPU Only Mode: Disabled
[09/19/2026-14:14:56] [I] errorOnTimingCacheMiss: Disabled
[09/19/2026-14:14:56] [I] Preview Features: Use default preview flags.
[09/19/2026-14:14:56] [I] MaxAuxStreams: -1
[09/19/2026-14:14:56] [I] BuilderOptimizationLevel: -1
[09/19/2026-14:14:56] [I] MaxTactics: -1
[09/19/2026-14:14:56] [I] Calibration Profile Index: 0
[09/19/2026-14:14:56] [I] Weight Streaming: Disabled
[09/19/2026-14:14:56] [I] Runtime Platform: Same As Build
[09/19/2026-14:14:56] [I] Debug Tensors: 
[09/19/2026-14:14:56] [I] Distributive Independence: Disabled
[09/19/2026-14:14:56] [I] Mark Unfused Tensors As Debug Tensors: Disabled
[09/19/2026-14:14:56] [I] Input(s)s format: fp32:CHW
[09/19/2026-14:14:56] [I] Output(s)s format: fp32:CHW
[09/19/2026-14:14:56] [I] Input build shapes: model
[09/19/2026-14:14:56] [I] Input calibration shapes: model
[09/19/2026-14:14:56] [I] === System Options ===
[09/19/2026-14:14:56] [I] Device: 0
[09/19/2026-14:14:56] [I] DLACore: 
[09/19/2026-14:14:56] [I] Loaded static plugins:
[09/19/2026-14:14:56] [I] setPluginsToSerialize:
[09/19/2026-14:14:56] [I] dynamicPlugins:
[09/19/2026-14:14:56] [I] ignoreParsedPluginLibs: 0
[09/19/2026-14:14:56] [I] 
[09/19/2026-14:14:56] [I] === Inference Options ===
[09/19/2026-14:14:56] [I] Batch: Explicit
[09/19/2026-14:14:56] [I] Input inference shapes: model
[09/19/2026-14:14:56] [I] Iterations: 10
[09/19/2026-14:14:56] [I] Duration: 15s (+ 1000ms warm up)
[09/19/2026-14:14:56] [I] Sleep time: 0ms
[09/19/2026-14:14:56] [I] Idle time: 0ms
[09/19/2026-14:14:56] [I] Inference Streams: 1
[09/19/2026-14:14:56] [I] ExposeDMA: Disabled
[09/19/2026-14:14:56] [I] Data transfers: Enabled
[09/19/2026-14:14:56] [I] Spin-wait: Disabled
[09/19/2026-14:14:56] [I] Multithreading: Disabled
[09/19/2026-14:14:56] [I] CUDA Graph: Disabled
[09/19/2026-14:14:56] [I] Separate profiling: Enabled
[09/19/2026-14:14:56] [I] Time Deserialize: Disabled
[09/19/2026-14:14:56] [I] Time Refit: Disabled
[09/19/2026-14:14:56] [I] NVTX verbosity: 0
[09/19/2026-14:14:56] [I] Persistent Cache Ratio: 0
[09/19/2026-14:14:56] [I] Optimization Profile Index: 0
[09/19/2026-14:14:56] [I] Weight Streaming Budget: 100.000000%
[09/19/2026-14:14:56] [I] Inputs:
[09/19/2026-14:14:56] [I] Debug Tensor Save Destinations:
[09/19/2026-14:14:56] [I] Dump All Debug Tensor in Formats: 
[09/19/2026-14:14:56] [I] === Reporting Options ===
[09/19/2026-14:14:56] [I] Verbose: Disabled
[09/19/2026-14:14:56] [I] Averages: 100 inferences
[09/19/2026-14:14:56] [I] Percentiles: 90,95,99
[09/19/2026-14:14:56] [I] Dump refittable layers:Disabled
[09/19/2026-14:14:56] [I] Dump output: Disabled
[09/19/2026-14:14:56] [I] Profile: Disabled
[09/19/2026-14:14:56] [I] Export timing to JSON file: benchmarks/results/trtexec_fp32_Tesla_T4_20260919T141452Z_times.json
[09/19/2026-14:14:56] [I] Export output to JSON file: 
[09/19/2026-14:14:56] [I] Export profile to JSON file: benchmarks/results/trtexec_fp32_Tesla_T4_20260919T141452Z_profile.json
[09/19/2026-14:14:56] [I] 
[09/19/2026-14:14:56] [I] === Device Information ===
[09/19/2026-14:14:56] [I] Available Devices: 
[09/19/2026-14:14:56] [I]   Device 0: "Tesla T4" UUID: GPU-d848b1dc-58e4-2961-2c1d-123674b1c1cf
[09/19/2026-14:14:56] [I] Selected Device: Tesla T4
[09/19/2026-14:14:56] [I] Selected Device ID: 0
[09/19/2026-14:14:56] [I] Selected Device UUID: GPU-d848b1dc-58e4-2961-2c1d-123674b1c1cf
[09/19/2026-14:14:56] [I] Compute Capability: 7.5
[09/19/2026-14:14:56] [I] SMs: 40
[09/19/2026-14:14:56] [I] Device Global Memory: 14912 MiB
[09/19/2026-14:14:56] [I] Shared Memory per SM: 64 KiB
[09/19/2026-14:14:56] [I] Memory Bus Width: 256 bits (ECC enabled)
[09/19/2026-14:14:56] [I] Application Compute Clock Rate: 1.59 GHz
[09/19/2026-14:14:56] [I] Application Memory Clock Rate: 5.001 GHz
[09/19/2026-14:14:56] [I] 
[09/19/2026-14:14:56] [I] Note: The application clock rates do not reflect the actual clock rates that the GPU is currently running at.
[09/19/2026-14:14:56] [I] 
[09/19/2026-14:14:56] [I] TensorRT version: 10.16.1
[09/19/2026-14:14:56] [I] Loading standard plugins
[09/19/2026-14:14:59] [I] [TRT] [MemUsageChange] Init CUDA: CPU +1, GPU +0, now: CPU 28, GPU 104 (MiB)
[09/19/2026-14:15:00] [I] Start parsing network model.
[09/19/2026-14:15:00] [I] [TRT] ----------------------------------------------------------------
[09/19/2026-14:15:00] [I] [TRT] Input filename:   models/onnx/yolo26n_nms.onnx
[09/19/2026-14:15:00] [I] [TRT] ONNX IR version:  0.0.8
[09/19/2026-14:15:00] [I] [TRT] Opset version:    17
[09/19/2026-14:15:00] [I] [TRT] Producer name:    pytorch
[09/19/2026-14:15:00] [I] [TRT] Producer version: 2.14.0
[09/19/2026-14:15:00] [I] [TRT] Domain:           
[09/19/2026-14:15:00] [I] [TRT] Model version:    0
[09/19/2026-14:15:00] [I] [TRT] Doc string:       
[09/19/2026-14:15:00] [I] [TRT] ----------------------------------------------------------------
[09/19/2026-14:15:00] [I] Finished parsing network model. Parse time: 0.0585027
[09/19/2026-14:15:00] [I] [TRT] BuilderFlag::kTF32 is set but hardware does not support TF32. Disabling TF32.
[09/19/2026-14:15:00] [I] [TRT] [MemUsageChange] Init builder kernel library: CPU +90, GPU +4, now: CPU 396, GPU 108 (MiB)
[09/19/2026-14:15:00] [I] [TRT] BuilderFlag::kTF32 is set but hardware does not support TF32. Disabling TF32.
[09/19/2026-14:15:00] [I] [TRT] Local timing cache in use. Profiling results in this builder pass will not be stored.
[09/19/2026-14:15:40] [I] [TRT] Compiler backend is used during engine build.
[09/19/2026-14:16:08] [I] [TRT] [GraphReduction] The approximate region cut reduction algorithm is called.
[09/19/2026-14:16:08] [I] [TRT] Detected 1 inputs and 1 output network tensors.
[09/19/2026-14:16:08] [I] [TRT] Total Host Persistent Memory: 478336 bytes
[09/19/2026-14:16:08] [I] [TRT] Total Device Persistent Memory: 797696 bytes
[09/19/2026-14:16:08] [I] [TRT] Max Scratch Memory: 2764800 bytes
[09/19/2026-14:16:08] [I] [TRT] [BlockAssignment] Started assigning block shifts. This will take 300 steps to complete.
[09/19/2026-14:16:08] [I] [TRT] [BlockAssignment] Algorithm ShiftNTopDown took 33.4597ms to assign 12 blocks to 300 nodes requiring 18150912 bytes.
[09/19/2026-14:16:08] [I] [TRT] Total Activation Memory: 18150400 bytes
[09/19/2026-14:16:08] [I] [TRT] Total Weights Memory: 10525664 bytes
[09/19/2026-14:16:08] [I] [TRT] Compiler backend is used during engine execution.
[09/19/2026-14:16:08] [I] [TRT] Engine generation completed in 68.241 seconds.
[09/19/2026-14:16:08] [I] [TRT] [MemUsageStats] Peak memory usage of TRT CPU/GPU memory allocators: CPU 1 MiB, GPU 50 MiB
[09/19/2026-14:16:08] [I] Created engine with size: 11.5274 MiB
[09/19/2026-14:16:08] [I] Engine built in 68.8307 sec.
[09/19/2026-14:16:09] [I] [TRT] Loaded engine size: 11 MiB
[09/19/2026-14:16:09] [I] Engine deserialized in 0.0224944 sec.
[09/19/2026-14:16:09] [I] [TRT] [MemUsageChange] TensorRT-managed allocation in IExecutionContext creation: CPU +0, GPU +18, now: CPU 0, GPU 28 (MiB)
[09/19/2026-14:16:09] [I] Setting persistentCacheLimit to 0 bytes.
[09/19/2026-14:16:09] [I] Created execution context with device memory size: 17.3096 MiB
[09/19/2026-14:16:09] [I] Using random values for input images
[09/19/2026-14:16:09] [I] Input binding for images with dimensions 1x3x640x640 and type fp32 is created.
[09/19/2026-14:16:09] [I] Output binding for output0 with dimensions 1x300x6 and type fp32 is created.
[09/19/2026-14:16:09] [I] Starting inference
[09/19/2026-14:16:25] [I] Warmup completed 249 queries over 1000 ms
[09/19/2026-14:16:25] [I] Timing trace has 3722 queries over 15.0094 s
[09/19/2026-14:16:25] [I] 
[09/19/2026-14:16:25] [I] === Trace details ===
[09/19/2026-14:16:25] [I] Trace averages of 100 runs:
[09/19/2026-14:16:25] [I] Average on 100 runs - GPU latency: 3.17853 ms - Host latency: 3.97764 ms (enqueue 3.96654 ms)
[09/19/2026-14:16:25] [I] Average on 100 runs - GPU latency: 3.18387 ms - Host latency: 3.98274 ms (enqueue 3.97129 ms)
[09/19/2026-14:16:25] [I] Average on 100 runs - GPU latency: 3.20908 ms - Host latency: 4.00774 ms (enqueue 3.99719 ms)
[09/19/2026-14:16:25] [I] Average on 100 runs - GPU latency: 3.18292 ms - Host latency: 3.98156 ms (enqueue 3.97088 ms)
[09/19/2026-14:16:25] [I] Average on 100 runs - GPU latency: 3.20027 ms - Host latency: 3.99934 ms (enqueue 3.98838 ms)
[09/19/2026-14:16:25] [I] Average on 100 runs - GPU latency: 3.20351 ms - Host latency: 4.00237 ms (enqueue 3.99144 ms)
[09/19/2026-14:16:25] [I] Average on 100 runs - GPU latency: 3.20684 ms - Host latency: 4.00588 ms (enqueue 3.99427 ms)
[09/19/2026-14:16:25] [I] Average on 100 runs - GPU latency: 3.20555 ms - Host latency: 4.00436 ms (enqueue 3.9936 ms)
[09/19/2026-14:16:25] [I] Average on 100 runs - GPU latency: 3.20832 ms - Host latency: 4.0069 ms (enqueue 3.99633 ms)
[09/19/2026-14:16:25] [I] Average on 100 runs - GPU latency: 3.20299 ms - Host latency: 4.00173 ms (enqueue 3.99128 ms)
[09/19/2026-14:16:25] [I] Average on 100 runs - GPU latency: 3.21184 ms - Host latency: 4.01058 ms (enqueue 3.99943 ms)
[09/19/2026-14:16:25] [I] Average on 100 runs - GPU latency: 3.21007 ms - Host latency: 4.00889 ms (enqueue 3.99815 ms)
[09/19/2026-14:16:25] [I] Average on 100 runs - GPU latency: 3.19798 ms - Host latency: 3.99667 ms (enqueue 3.9859 ms)
[09/19/2026-14:16:25] [I] Average on 100 runs - GPU latency: 3.21578 ms - Host latency: 4.01446 ms (enqueue 4.00377 ms)
[09/19/2026-14:16:25] [I] Average on 100 runs - GPU latency: 3.20646 ms - Host latency: 4.00496 ms (enqueue 3.99473 ms)
[09/19/2026-14:16:25] [I] Average on 100 runs - GPU latency: 3.20088 ms - Host latency: 3.99998 ms (enqueue 3.98878 ms)
[09/19/2026-14:16:25] [I] Average on 100 runs - GPU latency: 3.20849 ms - Host latency: 4.0072 ms (enqueue 3.9962 ms)
[09/19/2026-14:16:25] [I] Average on 100 runs - GPU latency: 3.20722 ms - Host latency: 4.00625 ms (enqueue 3.99487 ms)
[09/19/2026-14:16:25] [I] Average on 100 runs - GPU latency: 3.20975 ms - Host latency: 4.00844 ms (enqueue 3.99773 ms)
[09/19/2026-14:16:25] [I] Average on 100 runs - GPU latency: 3.20699 ms - Host latency: 4.0055 ms (enqueue 3.99474 ms)
[09/19/2026-14:16:25] [I] Average on 100 runs - GPU latency: 3.20924 ms - Host latency: 4.00793 ms (enqueue 3.99667 ms)
[09/19/2026-14:16:25] [I] Average on 100 runs - GPU latency: 3.21264 ms - Host latency: 4.01144 ms (enqueue 4.00022 ms)
[09/19/2026-14:16:25] [I] Average on 100 runs - GPU latency: 3.19995 ms - Host latency: 3.9986 ms (enqueue 3.98806 ms)
[09/19/2026-14:16:25] [I] Average on 100 runs - GPU latency: 3.2082 ms - Host latency: 4.0067 ms (enqueue 3.99601 ms)
[09/19/2026-14:16:25] [I] Average on 100 runs - GPU latency: 3.20686 ms - Host latency: 4.00554 ms (enqueue 3.99473 ms)
[09/19/2026-14:16:25] [I] Average on 100 runs - GPU latency: 3.2097 ms - Host latency: 4.00821 ms (enqueue 3.99708 ms)
[09/19/2026-14:16:25] [I] Average on 100 runs - GPU latency: 3.20308 ms - Host latency: 4.0017 ms (enqueue 3.99104 ms)
[09/19/2026-14:16:25] [I] Average on 100 runs - GPU latency: 3.20111 ms - Host latency: 4.00059 ms (enqueue 3.98726 ms)
[09/19/2026-14:16:25] [I] Average on 100 runs - GPU latency: 3.20643 ms - Host latency: 4.00692 ms (enqueue 3.99211 ms)
[09/19/2026-14:16:25] [I] Average on 100 runs - GPU latency: 3.21026 ms - Host latency: 4.0093 ms (enqueue 3.99727 ms)
[09/19/2026-14:16:25] [I] Average on 100 runs - GPU latency: 3.18888 ms - Host latency: 4.0037 ms (enqueue 3.97135 ms)
[09/19/2026-14:16:25] [I] Average on 100 runs - GPU latency: 3.20767 ms - Host latency: 4.00644 ms (enqueue 3.99562 ms)
[09/19/2026-14:16:25] [I] Average on 100 runs - GPU latency: 3.2059 ms - Host latency: 4.00459 ms (enqueue 3.9937 ms)
[09/19/2026-14:16:25] [I] Average on 100 runs - GPU latency: 3.21125 ms - Host latency: 4.00994 ms (enqueue 3.99881 ms)
[09/19/2026-14:16:25] [I] Average on 100 runs - GPU latency: 3.20379 ms - Host latency: 4.00357 ms (enqueue 3.99009 ms)
[09/19/2026-14:16:25] [I] Average on 100 runs - GPU latency: 3.20389 ms - Host latency: 4.00309 ms (enqueue 3.99085 ms)
[09/19/2026-14:16:25] [I] Average on 100 runs - GPU latency: 3.20474 ms - Host latency: 4.00429 ms (enqueue 3.99103 ms)
[09/19/2026-14:16:25] [I] 
[09/19/2026-14:16:25] [I] === Performance summary ===
[09/19/2026-14:16:25] [I] Throughput: 247.977 qps
[09/19/2026-14:16:25] [I] Latency: min = 3.91064 ms, max = 4.0791 ms, mean = 4.00347 ms, median = 4.01074 ms, percentile(90%) = 4.03809 ms, percentile(95%) = 4.04395 ms, percentile(99%) = 4.05762 ms
[09/19/2026-14:16:25] [I] Enqueue Time: min = 3.90039 ms, max = 4.05859 ms, mean = 3.99161 ms, median = 3.99951 ms, percentile(90%) = 4.02637 ms, percentile(95%) = 4.03125 ms, percentile(99%) = 4.04492 ms
[09/19/2026-14:16:25] [I] H2D Latency: min = 0.791992 ms, max = 0.826172 ms, mean = 0.793492 ms, median = 0.792969 ms, percentile(90%) = 0.794922 ms, percentile(95%) = 0.795898 ms, percentile(99%) = 0.803711 ms
[09/19/2026-14:16:25] [I] GPU Compute Time: min = 3.11255 ms, max = 3.27588 ms, mean = 3.20415 ms, median = 3.21191 ms, percentile(90%) = 3.23828 ms, percentile(95%) = 3.24414 ms, percentile(99%) = 3.25781 ms
[09/19/2026-14:16:25] [I] D2H Latency: min = 0.00390625 ms, max = 0.0371094 ms, mean = 0.00582958 ms, median = 0.00537109 ms, percentile(90%) = 0.00585938 ms, percentile(95%) = 0.00610352 ms, percentile(99%) = 0.0234375 ms
[09/19/2026-14:16:25] [I] Total Host Walltime: 15.0094 s
[09/19/2026-14:16:25] [I] Total GPU Compute Time: 11.9258 s
[09/19/2026-14:16:25] [I] Explanations of the performance metrics are printed in the verbose logs.
[09/19/2026-14:16:25] [I] 
&&&& PASSED TensorRT.trtexec [TensorRT v101601] [b11] # trtexec --onnx=models/onnx/yolo26n_nms.onnx --saveEngine=models/tensorrt/yolo26n_nms_fp32.engine --warmUp=1000 --duration=15 --avgRuns=100 --exportTimes=benchmarks/results/trtexec_fp32_Tesla_T4_20260919T141452Z_times.json --exportProfile=benchmarks/results/trtexec_fp32_Tesla_T4_20260919T141452Z_profile.json --separateProfileRun
