&&&& RUNNING TensorRT.trtexec [TensorRT v101601] [b11] # trtexec --onnx=models/onnx/yolo26n_nms.onnx --saveEngine=models/tensorrt/yolo26n_nms_fp16.engine --fp16 --warmUp=1000 --duration=15 --avgRuns=100 --exportTimes=benchmarks/results/trtexec_fp16_Tesla_T4_20260919T141452Z_times.json --exportProfile=benchmarks/results/trtexec_fp16_Tesla_T4_20260919T141452Z_profile.json --separateProfileRun
[09/19/2026-14:16:43] [I] === Model Options ===
[09/19/2026-14:16:43] [I] Format: ONNX
[09/19/2026-14:16:43] [I] Model: models/onnx/yolo26n_nms.onnx
[09/19/2026-14:16:43] [I] Output:
[09/19/2026-14:16:43] [I] === Build Options ===
[09/19/2026-14:16:43] [I] Memory Pools: workspace: default, dlaSRAM: default, dlaLocalDRAM: default, dlaGlobalDRAM: default, tacticSharedMem: default
[09/19/2026-14:16:43] [I] avgTiming: 8
[09/19/2026-14:16:43] [I] Precision: FP32+FP16
[09/19/2026-14:16:43] [I] LayerPrecisions: 
[09/19/2026-14:16:43] [I] Layer Device Types: 
[09/19/2026-14:16:43] [I] Decomposable Attentions: 
[09/19/2026-14:16:43] [I] Calibration: 
[09/19/2026-14:16:43] [I] Refit: Disabled
[09/19/2026-14:16:43] [I] Strip weights: Disabled
[09/19/2026-14:16:43] [I] Version Compatible: Disabled
[09/19/2026-14:16:43] [I] ONNX Plugin InstanceNorm: Disabled
[09/19/2026-14:16:43] [I] ONNX kENABLE_UINT8_AND_ASYMMETRIC_QUANTIZATION_DLA flag: Disabled
[09/19/2026-14:16:43] [I] ONNX kREPORT_CAPABILITY_DLA flag: Disabled
[09/19/2026-14:16:43] [I] ONNX kADJUST_FOR_DLA flag: Disabled
[09/19/2026-14:16:43] [I] ONNX kENABLE_PLUGIN_OVERRIDE flag: Disabled
[09/19/2026-14:16:43] [I] TensorRT runtime: full
[09/19/2026-14:16:43] [I] Lean DLL Path: 
[09/19/2026-14:16:43] [I] Tempfile Controls: { in_memory: allow, temporary: allow }
[09/19/2026-14:16:43] [I] Exclude Lean Runtime: Disabled
[09/19/2026-14:16:43] [I] Sparsity: Disabled
[09/19/2026-14:16:43] [I] Safe mode: Disabled
[09/19/2026-14:16:43] [I] Build DLA standalone loadable: Disabled
[09/19/2026-14:16:43] [I] Allow GPU fallback for DLA: Disabled
[09/19/2026-14:16:43] [I] DirectIO mode: Disabled
[09/19/2026-14:16:43] [I] Restricted mode: Disabled
[09/19/2026-14:16:43] [I] Skip inference: Disabled
[09/19/2026-14:16:43] [I] Save engine: models/tensorrt/yolo26n_nms_fp16.engine
[09/19/2026-14:16:43] [I] Load engine: 
[09/19/2026-14:16:43] [I] Profiling verbosity: 0
[09/19/2026-14:16:43] [I] Tactic sources: Using default tactic sources
[09/19/2026-14:16:43] [I] timingCacheMode: local
[09/19/2026-14:16:43] [I] timingCacheFile: 
[09/19/2026-14:16:43] [I] Enable Compilation Cache: Enabled
[09/19/2026-14:16:43] [I] Enable Monitor Memory: Disabled
[09/19/2026-14:16:43] [I] CPU Only Mode: Disabled
[09/19/2026-14:16:43] [I] errorOnTimingCacheMiss: Disabled
[09/19/2026-14:16:43] [I] Preview Features: Use default preview flags.
[09/19/2026-14:16:43] [I] MaxAuxStreams: -1
[09/19/2026-14:16:43] [I] BuilderOptimizationLevel: -1
[09/19/2026-14:16:43] [I] MaxTactics: -1
[09/19/2026-14:16:43] [I] Calibration Profile Index: 0
[09/19/2026-14:16:43] [I] Weight Streaming: Disabled
[09/19/2026-14:16:43] [I] Runtime Platform: Same As Build
[09/19/2026-14:16:43] [I] Debug Tensors: 
[09/19/2026-14:16:43] [I] Distributive Independence: Disabled
[09/19/2026-14:16:43] [I] Mark Unfused Tensors As Debug Tensors: Disabled
[09/19/2026-14:16:43] [I] Input(s)s format: fp32:CHW
[09/19/2026-14:16:43] [I] Output(s)s format: fp32:CHW
[09/19/2026-14:16:43] [I] Input build shapes: model
[09/19/2026-14:16:43] [I] Input calibration shapes: model
[09/19/2026-14:16:43] [I] === System Options ===
[09/19/2026-14:16:43] [I] Device: 0
[09/19/2026-14:16:43] [I] DLACore: 
[09/19/2026-14:16:43] [I] Loaded static plugins:
[09/19/2026-14:16:43] [I] setPluginsToSerialize:
[09/19/2026-14:16:43] [I] dynamicPlugins:
[09/19/2026-14:16:43] [I] ignoreParsedPluginLibs: 0
[09/19/2026-14:16:43] [I] 
[09/19/2026-14:16:43] [I] === Inference Options ===
[09/19/2026-14:16:43] [I] Batch: Explicit
[09/19/2026-14:16:43] [I] Input inference shapes: model
[09/19/2026-14:16:43] [I] Iterations: 10
[09/19/2026-14:16:43] [I] Duration: 15s (+ 1000ms warm up)
[09/19/2026-14:16:43] [I] Sleep time: 0ms
[09/19/2026-14:16:43] [I] Idle time: 0ms
[09/19/2026-14:16:43] [I] Inference Streams: 1
[09/19/2026-14:16:43] [I] ExposeDMA: Disabled
[09/19/2026-14:16:43] [I] Data transfers: Enabled
[09/19/2026-14:16:43] [I] Spin-wait: Disabled
[09/19/2026-14:16:43] [I] Multithreading: Disabled
[09/19/2026-14:16:43] [I] CUDA Graph: Disabled
[09/19/2026-14:16:43] [I] Separate profiling: Enabled
[09/19/2026-14:16:43] [I] Time Deserialize: Disabled
[09/19/2026-14:16:43] [I] Time Refit: Disabled
[09/19/2026-14:16:43] [I] NVTX verbosity: 0
[09/19/2026-14:16:43] [I] Persistent Cache Ratio: 0
[09/19/2026-14:16:43] [I] Optimization Profile Index: 0
[09/19/2026-14:16:43] [I] Weight Streaming Budget: 100.000000%
[09/19/2026-14:16:43] [I] Inputs:
[09/19/2026-14:16:43] [I] Debug Tensor Save Destinations:
[09/19/2026-14:16:43] [I] Dump All Debug Tensor in Formats: 
[09/19/2026-14:16:43] [I] === Reporting Options ===
[09/19/2026-14:16:43] [I] Verbose: Disabled
[09/19/2026-14:16:43] [I] Averages: 100 inferences
[09/19/2026-14:16:43] [I] Percentiles: 90,95,99
[09/19/2026-14:16:43] [I] Dump refittable layers:Disabled
[09/19/2026-14:16:43] [I] Dump output: Disabled
[09/19/2026-14:16:43] [I] Profile: Disabled
[09/19/2026-14:16:43] [I] Export timing to JSON file: benchmarks/results/trtexec_fp16_Tesla_T4_20260919T141452Z_times.json
[09/19/2026-14:16:43] [I] Export output to JSON file: 
[09/19/2026-14:16:43] [I] Export profile to JSON file: benchmarks/results/trtexec_fp16_Tesla_T4_20260919T141452Z_profile.json
[09/19/2026-14:16:43] [I] 
[09/19/2026-14:16:43] [I] === Device Information ===
[09/19/2026-14:16:43] [I] Available Devices: 
[09/19/2026-14:16:43] [I]   Device 0: "Tesla T4" UUID: GPU-d848b1dc-58e4-2961-2c1d-123674b1c1cf
[09/19/2026-14:16:43] [I] Selected Device: Tesla T4
[09/19/2026-14:16:43] [I] Selected Device ID: 0
[09/19/2026-14:16:43] [I] Selected Device UUID: GPU-d848b1dc-58e4-2961-2c1d-123674b1c1cf
[09/19/2026-14:16:43] [I] Compute Capability: 7.5
[09/19/2026-14:16:43] [I] SMs: 40
[09/19/2026-14:16:43] [I] Device Global Memory: 14912 MiB
[09/19/2026-14:16:43] [I] Shared Memory per SM: 64 KiB
[09/19/2026-14:16:43] [I] Memory Bus Width: 256 bits (ECC enabled)
[09/19/2026-14:16:43] [I] Application Compute Clock Rate: 1.59 GHz
[09/19/2026-14:16:43] [I] Application Memory Clock Rate: 5.001 GHz
[09/19/2026-14:16:43] [I] 
[09/19/2026-14:16:43] [I] Note: The application clock rates do not reflect the actual clock rates that the GPU is currently running at.
[09/19/2026-14:16:43] [I] 
[09/19/2026-14:16:43] [I] TensorRT version: 10.16.1
[09/19/2026-14:16:43] [I] Loading standard plugins
[09/19/2026-14:16:43] [I] [TRT] [MemUsageChange] Init CUDA: CPU +1, GPU +0, now: CPU 28, GPU 104 (MiB)
[09/19/2026-14:16:43] [I] Start parsing network model.
[09/19/2026-14:16:43] [I] [TRT] ----------------------------------------------------------------
[09/19/2026-14:16:43] [I] [TRT] Input filename:   models/onnx/yolo26n_nms.onnx
[09/19/2026-14:16:43] [I] [TRT] ONNX IR version:  0.0.8
[09/19/2026-14:16:43] [I] [TRT] Opset version:    17
[09/19/2026-14:16:43] [I] [TRT] Producer name:    pytorch
[09/19/2026-14:16:43] [I] [TRT] Producer version: 2.14.0
[09/19/2026-14:16:43] [I] [TRT] Domain:           
[09/19/2026-14:16:43] [I] [TRT] Model version:    0
[09/19/2026-14:16:43] [I] [TRT] Doc string:       
[09/19/2026-14:16:43] [I] [TRT] ----------------------------------------------------------------
[09/19/2026-14:16:43] [I] Finished parsing network model. Parse time: 0.0336201
[09/19/2026-14:16:43] [I] [TRT] BuilderFlag::kTF32 is set but hardware does not support TF32. Disabling TF32.
[09/19/2026-14:16:43] [I] [TRT] [MemUsageChange] Init builder kernel library: CPU +90, GPU +4, now: CPU 396, GPU 108 (MiB)
[09/19/2026-14:16:44] [I] [TRT] BuilderFlag::kTF32 is set but hardware does not support TF32. Disabling TF32.
[09/19/2026-14:16:44] [I] [TRT] Local timing cache in use. Profiling results in this builder pass will not be stored.
[09/19/2026-14:19:12] [I] [TRT] Compiler backend is used during engine build.
[09/19/2026-14:20:41] [I] [TRT] Detected 1 inputs and 1 output network tensors.
[09/19/2026-14:20:43] [I] [TRT] Total Host Persistent Memory: 594864 bytes
[09/19/2026-14:20:43] [I] [TRT] Total Device Persistent Memory: 683008 bytes
[09/19/2026-14:20:43] [I] [TRT] Max Scratch Memory: 1382400 bytes
[09/19/2026-14:20:43] [I] [TRT] [BlockAssignment] Started assigning block shifts. This will take 185 steps to complete.
[09/19/2026-14:20:43] [I] [TRT] [BlockAssignment] Algorithm ShiftNTopDown took 18.9643ms to assign 12 blocks to 185 nodes requiring 9139712 bytes.
[09/19/2026-14:20:43] [I] [TRT] Total Activation Memory: 9139200 bytes
[09/19/2026-14:20:43] [I] [TRT] Total Weights Memory: 4916928 bytes
[09/19/2026-14:20:43] [I] [TRT] Compiler backend is used during engine execution.
[09/19/2026-14:20:43] [I] [TRT] Engine generation completed in 239.545 seconds.
[09/19/2026-14:20:43] [I] [TRT] [MemUsageStats] Peak memory usage of TRT CPU/GPU memory allocators: CPU 0 MiB, GPU 50 MiB
[09/19/2026-14:20:43] [I] Created engine with size: 6.84914 MiB
[09/19/2026-14:20:43] [I] Engine built in 240.06 sec.
[09/19/2026-14:20:44] [I] [TRT] Loaded engine size: 6 MiB
[09/19/2026-14:20:44] [I] Engine deserialized in 0.0354366 sec.
[09/19/2026-14:20:44] [I] [TRT] [MemUsageChange] TensorRT-managed allocation in IExecutionContext creation: CPU +0, GPU +9, now: CPU 0, GPU 14 (MiB)
[09/19/2026-14:20:44] [I] Setting persistentCacheLimit to 0 bytes.
[09/19/2026-14:20:44] [I] Created execution context with device memory size: 8.71582 MiB
[09/19/2026-14:20:44] [I] Using random values for input images
[09/19/2026-14:20:44] [I] Input binding for images with dimensions 1x3x640x640 and type fp32 is created.
[09/19/2026-14:20:44] [I] Output binding for output0 with dimensions 1x300x6 and type fp32 is created.
[09/19/2026-14:20:44] [I] Starting inference
[09/19/2026-14:21:00] [I] Warmup completed 407 queries over 1000 ms
[09/19/2026-14:21:00] [I] Timing trace has 6131 queries over 15.0049 s
[09/19/2026-14:21:00] [I] 
[09/19/2026-14:21:00] [I] === Trace details ===
[09/19/2026-14:21:00] [I] Trace averages of 100 runs:
[09/19/2026-14:21:00] [I] Average on 100 runs - GPU latency: 1.60763 ms - Host latency: 2.4073 ms (enqueue 2.3932 ms)
[09/19/2026-14:21:00] [I] Average on 100 runs - GPU latency: 1.60764 ms - Host latency: 2.40728 ms (enqueue 2.39359 ms)
[09/19/2026-14:21:00] [I] Average on 100 runs - GPU latency: 1.60767 ms - Host latency: 2.40756 ms (enqueue 2.39389 ms)
[09/19/2026-14:21:00] [I] Average on 100 runs - GPU latency: 1.6075 ms - Host latency: 2.40729 ms (enqueue 2.39326 ms)
[09/19/2026-14:21:00] [I] Average on 100 runs - GPU latency: 1.60762 ms - Host latency: 2.40774 ms (enqueue 2.39394 ms)
[09/19/2026-14:21:00] [I] Average on 100 runs - GPU latency: 1.60778 ms - Host latency: 2.40757 ms (enqueue 2.3931 ms)
[09/19/2026-14:21:00] [I] Average on 100 runs - GPU latency: 1.60912 ms - Host latency: 2.40899 ms (enqueue 2.39447 ms)
[09/19/2026-14:21:00] [I] Average on 100 runs - GPU latency: 1.60739 ms - Host latency: 2.40689 ms (enqueue 2.39311 ms)
[09/19/2026-14:21:00] [I] Average on 100 runs - GPU latency: 1.61425 ms - Host latency: 2.41493 ms (enqueue 2.39922 ms)
[09/19/2026-14:21:00] [I] Average on 100 runs - GPU latency: 1.6084 ms - Host latency: 2.40931 ms (enqueue 2.39139 ms)
[09/19/2026-14:21:00] [I] Average on 100 runs - GPU latency: 1.6078 ms - Host latency: 2.4156 ms (enqueue 2.38902 ms)
[09/19/2026-14:21:00] [I] Average on 100 runs - GPU latency: 1.60698 ms - Host latency: 2.41494 ms (enqueue 2.38721 ms)
[09/19/2026-14:21:00] [I] Average on 100 runs - GPU latency: 1.60711 ms - Host latency: 2.407 ms (enqueue 2.39318 ms)
[09/19/2026-14:21:00] [I] Average on 100 runs - GPU latency: 1.60757 ms - Host latency: 2.40733 ms (enqueue 2.39306 ms)
[09/19/2026-14:21:00] [I] Average on 100 runs - GPU latency: 1.60687 ms - Host latency: 2.40652 ms (enqueue 2.39241 ms)
[09/19/2026-14:21:00] [I] Average on 100 runs - GPU latency: 1.60867 ms - Host latency: 2.40821 ms (enqueue 2.39459 ms)
[09/19/2026-14:21:00] [I] Average on 100 runs - GPU latency: 1.60634 ms - Host latency: 2.40661 ms (enqueue 2.392 ms)
[09/19/2026-14:21:00] [I] Average on 100 runs - GPU latency: 1.60753 ms - Host latency: 2.40855 ms (enqueue 2.39236 ms)
[09/19/2026-14:21:00] [I] Average on 100 runs - GPU latency: 1.60656 ms - Host latency: 2.40712 ms (enqueue 2.39076 ms)
[09/19/2026-14:21:00] [I] Average on 100 runs - GPU latency: 1.60709 ms - Host latency: 2.40833 ms (enqueue 2.3911 ms)
[09/19/2026-14:21:00] [I] Average on 100 runs - GPU latency: 1.60815 ms - Host latency: 2.40882 ms (enqueue 2.39236 ms)
[09/19/2026-14:21:00] [I] Average on 100 runs - GPU latency: 1.60734 ms - Host latency: 2.40844 ms (enqueue 2.38998 ms)
[09/19/2026-14:21:00] [I] Average on 100 runs - GPU latency: 1.60755 ms - Host latency: 2.40753 ms (enqueue 2.39312 ms)
[09/19/2026-14:21:00] [I] Average on 100 runs - GPU latency: 1.60669 ms - Host latency: 2.40727 ms (enqueue 2.39221 ms)
[09/19/2026-14:21:00] [I] Average on 100 runs - GPU latency: 1.60819 ms - Host latency: 2.40885 ms (enqueue 2.39185 ms)
[09/19/2026-14:21:00] [I] Average on 100 runs - GPU latency: 1.60823 ms - Host latency: 2.40832 ms (enqueue 2.39348 ms)
[09/19/2026-14:21:00] [I] Average on 100 runs - GPU latency: 1.60694 ms - Host latency: 2.40785 ms (enqueue 2.39196 ms)
[09/19/2026-14:21:00] [I] Average on 100 runs - GPU latency: 1.60854 ms - Host latency: 2.40846 ms (enqueue 2.39448 ms)
[09/19/2026-14:21:00] [I] Average on 100 runs - GPU latency: 1.60929 ms - Host latency: 2.40902 ms (enqueue 2.39535 ms)
[09/19/2026-14:21:00] [I] Average on 100 runs - GPU latency: 1.60808 ms - Host latency: 2.40784 ms (enqueue 2.39364 ms)
[09/19/2026-14:21:00] [I] Average on 100 runs - GPU latency: 1.60772 ms - Host latency: 2.40749 ms (enqueue 2.39367 ms)
[09/19/2026-14:21:00] [I] Average on 100 runs - GPU latency: 1.60725 ms - Host latency: 2.40701 ms (enqueue 2.39281 ms)
[09/19/2026-14:21:00] [I] Average on 100 runs - GPU latency: 1.60771 ms - Host latency: 2.40764 ms (enqueue 2.39399 ms)
[09/19/2026-14:21:00] [I] Average on 100 runs - GPU latency: 1.60854 ms - Host latency: 2.40817 ms (enqueue 2.39427 ms)
[09/19/2026-14:21:00] [I] Average on 100 runs - GPU latency: 1.60792 ms - Host latency: 2.40763 ms (enqueue 2.39371 ms)
[09/19/2026-14:21:00] [I] Average on 100 runs - GPU latency: 1.60759 ms - Host latency: 2.40723 ms (enqueue 2.39395 ms)
[09/19/2026-14:21:00] [I] Average on 100 runs - GPU latency: 1.60991 ms - Host latency: 2.40945 ms (enqueue 2.39613 ms)
[09/19/2026-14:21:00] [I] Average on 100 runs - GPU latency: 1.60656 ms - Host latency: 2.40587 ms (enqueue 2.39238 ms)
[09/19/2026-14:21:00] [I] Average on 100 runs - GPU latency: 1.60612 ms - Host latency: 2.40698 ms (enqueue 2.39026 ms)
[09/19/2026-14:21:00] [I] Average on 100 runs - GPU latency: 1.60742 ms - Host latency: 2.40841 ms (enqueue 2.39084 ms)
[09/19/2026-14:21:00] [I] Average on 100 runs - GPU latency: 1.60637 ms - Host latency: 2.40606 ms (enqueue 2.39128 ms)
[09/19/2026-14:21:00] [I] Average on 100 runs - GPU latency: 1.6072 ms - Host latency: 2.4068 ms (enqueue 2.39327 ms)
[09/19/2026-14:21:00] [I] Average on 100 runs - GPU latency: 1.60757 ms - Host latency: 2.4072 ms (enqueue 2.39321 ms)
[09/19/2026-14:21:00] [I] Average on 100 runs - GPU latency: 1.60729 ms - Host latency: 2.40694 ms (enqueue 2.39327 ms)
[09/19/2026-14:21:00] [I] Average on 100 runs - GPU latency: 1.6079 ms - Host latency: 2.4074 ms (enqueue 2.39385 ms)
[09/19/2026-14:21:00] [I] Average on 100 runs - GPU latency: 1.60766 ms - Host latency: 2.4074 ms (enqueue 2.39365 ms)
[09/19/2026-14:21:00] [I] Average on 100 runs - GPU latency: 1.60812 ms - Host latency: 2.40828 ms (enqueue 2.39486 ms)
[09/19/2026-14:21:00] [I] Average on 100 runs - GPU latency: 1.60838 ms - Host latency: 2.40823 ms (enqueue 2.39448 ms)
[09/19/2026-14:21:00] [I] Average on 100 runs - GPU latency: 1.60898 ms - Host latency: 2.4087 ms (enqueue 2.39503 ms)
[09/19/2026-14:21:00] [I] Average on 100 runs - GPU latency: 1.60739 ms - Host latency: 2.40706 ms (enqueue 2.39326 ms)
[09/19/2026-14:21:00] [I] Average on 100 runs - GPU latency: 1.60766 ms - Host latency: 2.4083 ms (enqueue 2.39052 ms)
[09/19/2026-14:21:00] [I] Average on 100 runs - GPU latency: 1.60752 ms - Host latency: 2.40872 ms (enqueue 2.39183 ms)
[09/19/2026-14:21:00] [I] Average on 100 runs - GPU latency: 1.60673 ms - Host latency: 2.40757 ms (enqueue 2.39047 ms)
[09/19/2026-14:21:00] [I] Average on 100 runs - GPU latency: 1.60751 ms - Host latency: 2.40724 ms (enqueue 2.3934 ms)
[09/19/2026-14:21:00] [I] Average on 100 runs - GPU latency: 1.60688 ms - Host latency: 2.40763 ms (enqueue 2.39202 ms)
[09/19/2026-14:21:00] [I] Average on 100 runs - GPU latency: 1.60754 ms - Host latency: 2.40799 ms (enqueue 2.39244 ms)
[09/19/2026-14:21:00] [I] Average on 100 runs - GPU latency: 1.60794 ms - Host latency: 2.40735 ms (enqueue 2.39411 ms)
[09/19/2026-14:21:00] [I] Average on 100 runs - GPU latency: 1.60706 ms - Host latency: 2.40793 ms (enqueue 2.39011 ms)
[09/19/2026-14:21:00] [I] Average on 100 runs - GPU latency: 1.60656 ms - Host latency: 2.40629 ms (enqueue 2.3927 ms)
[09/19/2026-14:21:00] [I] Average on 100 runs - GPU latency: 1.60793 ms - Host latency: 2.40735 ms (enqueue 2.39363 ms)
[09/19/2026-14:21:00] [I] Average on 100 runs - GPU latency: 1.60779 ms - Host latency: 2.40798 ms (enqueue 2.39333 ms)
[09/19/2026-14:21:00] [I] 
[09/19/2026-14:21:00] [I] === Performance summary ===
[09/19/2026-14:21:00] [I] Throughput: 408.6 qps
[09/19/2026-14:21:00] [I] Latency: min = 2.39258 ms, max = 2.58203 ms, mean = 2.40806 ms, median = 2.40625 ms, percentile(90%) = 2.41919 ms, percentile(95%) = 2.42383 ms, percentile(99%) = 2.43164 ms
[09/19/2026-14:21:00] [I] Enqueue Time: min = 2.33691 ms, max = 2.56738 ms, mean = 2.39287 ms, median = 2.39258 ms, percentile(90%) = 2.40308 ms, percentile(95%) = 2.4082 ms, percentile(99%) = 2.41504 ms
[09/19/2026-14:21:00] [I] H2D Latency: min = 0.791992 ms, max = 0.815918 ms, mean = 0.793537 ms, median = 0.792969 ms, percentile(90%) = 0.794922 ms, percentile(95%) = 0.795898 ms, percentile(99%) = 0.802734 ms
[09/19/2026-14:21:00] [I] GPU Compute Time: min = 1.59436 ms, max = 1.7832 ms, mean = 1.60771 ms, median = 1.60645 ms, percentile(90%) = 1.61719 ms, percentile(95%) = 1.62305 ms, percentile(99%) = 1.62891 ms
[09/19/2026-14:21:00] [I] D2H Latency: min = 0.00390625 ms, max = 0.0512695 ms, mean = 0.00680383 ms, median = 0.00646973 ms, percentile(90%) = 0.00708008 ms, percentile(95%) = 0.0078125 ms, percentile(99%) = 0.0205078 ms
[09/19/2026-14:21:00] [I] Total Host Walltime: 15.0049 s
[09/19/2026-14:21:00] [I] Total GPU Compute Time: 9.85689 s
[09/19/2026-14:21:00] [I] Explanations of the performance metrics are printed in the verbose logs.
[09/19/2026-14:21:00] [I] 
&&&& PASSED TensorRT.trtexec [TensorRT v101601] [b11] # trtexec --onnx=models/onnx/yolo26n_nms.onnx --saveEngine=models/tensorrt/yolo26n_nms_fp16.engine --fp16 --warmUp=1000 --duration=15 --avgRuns=100 --exportTimes=benchmarks/results/trtexec_fp16_Tesla_T4_20260919T141452Z_times.json --exportProfile=benchmarks/results/trtexec_fp16_Tesla_T4_20260919T141452Z_profile.json --separateProfileRun
